
===========================================================================
report_checks -unconstrained
===========================================================================
======================= nom_ff_n40C_1v95 Corner ===================================

Startpoint: amt[1] (input port clocked by clk)
Endpoint: result[5] (output port clocked by clk)
Path Group: clk
Path Type: max

Fanout         Cap        Slew       Delay        Time   Description
---------------------------------------------------------------------------------------------
                      0.000000    0.000000    0.000000   clock clk (rise edge)
                                  0.000000    0.000000   clock network delay (ideal)
                                  5.000000    5.000000 ^ input external delay
     1    0.003887    0.017818    0.010091    5.010092 ^ amt[1] (in)
                                                         amt[1] (net)
                      0.017818    0.000000    5.010092 ^ input2/A (sky130_fd_sc_hd__clkbuf_1)
     1    0.003288    0.036113    0.051667    5.061758 ^ input2/X (sky130_fd_sc_hd__clkbuf_1)
                                                         net2 (net)
                      0.036113    0.000099    5.061857 ^ fanout30/A (sky130_fd_sc_hd__buf_1)
     5    0.020674    0.183579    0.157326    5.219183 ^ fanout30/X (sky130_fd_sc_hd__buf_1)
                                                         net30 (net)
                      0.183581    0.000451    5.219634 ^ fanout29/A (sky130_fd_sc_hd__buf_2)
    10    0.038728    0.144218    0.176357    5.395991 ^ fanout29/X (sky130_fd_sc_hd__buf_2)
                                                         net29 (net)
                      0.144220    0.000413    5.396403 ^ fanout28/A (sky130_fd_sc_hd__clkbuf_2)
    10    0.027831    0.119578    0.152011    5.548414 ^ fanout28/X (sky130_fd_sc_hd__clkbuf_2)
                                                         net28 (net)
                      0.119626    0.000846    5.549261 ^ _058_/C_N (sky130_fd_sc_hd__nor3b_2)
     5    0.021204    0.273556    0.257177    5.806438 ^ _058_/Y (sky130_fd_sc_hd__nor3b_2)
                                                         _002_ (net)
                      0.273558    0.000588    5.807026 ^ _098_/B1 (sky130_fd_sc_hd__a22o_1)
     1    0.004839    0.045813    0.093690    5.900717 ^ _098_/X (sky130_fd_sc_hd__a22o_1)
                                                         _037_ (net)
                      0.045813    0.000168    5.900885 ^ _104_/A2 (sky130_fd_sc_hd__o32a_1)
     1    0.003408    0.037975    0.082482    5.983367 ^ _104_/X (sky130_fd_sc_hd__o32a_1)
                                                         net17 (net)
                      0.037975    0.000106    5.983472 ^ output17/A (sky130_fd_sc_hd__buf_2)
     1    0.035433    0.132385    0.142205    6.125678 ^ output17/X (sky130_fd_sc_hd__buf_2)
                                                         result[5] (net)
                      0.132390    0.000670    6.126347 ^ result[5] (out)
                                              6.126347   data arrival time

                      0.000000   25.000000   25.000000   clock clk (rise edge)
                                  0.000000   25.000000   clock network delay (ideal)
                                 -0.250000   24.750000   clock uncertainty
                                  0.000000   24.750000   clock reconvergence pessimism
                                 -5.000000   19.750000   output external delay
                                             19.750000   data required time
---------------------------------------------------------------------------------------------
                                             19.750000   data required time
                                             -6.126347   data arrival time
---------------------------------------------------------------------------------------------
                                             13.623652   slack (MET)




===========================================================================
report_checks --slack_max -0.01
============================================================================
======================= nom_ff_n40C_1v95 Corner ===================================

No paths found.


===========================================================================
 report_check_types -max_slew -max_cap -max_fanout -violators
============================================================================
======================= nom_ff_n40C_1v95 Corner ===================================



===========================================================================
report_parasitic_annotation -report_unannotated
============================================================================
Found 0 unannotated drivers.
Found 0 partially unannotated drivers.

===========================================================================
max slew violation count 0
max fanout violation count 0
max cap violation count 0
============================================================================

===========================================================================
check_setup -verbose -unconstrained_endpoints -multiple_clock -no_clock -no_input_delay -loops -generated_clocks
===========================================================================
