
===========================================================================
report_checks -unconstrained
===========================================================================
======================= max_tt_025C_1v80 Corner ===================================

Startpoint: pcInput[2] (input port clocked by clk)
Endpoint: res[31] (output port clocked by clk)
Path Group: clk
Path Type: max

Fanout         Cap        Slew       Delay        Time   Description
---------------------------------------------------------------------------------------------
                      0.000000    0.000000    0.000000   clock clk (rise edge)
                                  0.000000    0.000000   clock network delay (ideal)
                                  5.000000    5.000000 ^ input external delay
     1    0.002449    0.018237    0.009126    5.009127 ^ pcInput[2] (in)
                                                         pcInput[2] (net)
                      0.018237    0.000000    5.009127 ^ input21/A (sky130_fd_sc_hd__dlymetal6s2s_1)
     5    0.018374    0.199752    0.187836    5.196962 ^ input21/X (sky130_fd_sc_hd__dlymetal6s2s_1)
                                                         net21 (net)
                      0.199762    0.001127    5.198089 ^ _041_/A (sky130_fd_sc_hd__and4_2)
     8    0.026563    0.160575    0.343866    5.541955 ^ _041_/X (sky130_fd_sc_hd__and4_2)
                                                         _013_ (net)
                      0.160581    0.001152    5.543108 ^ _044_/C (sky130_fd_sc_hd__and4_2)
     7    0.020560    0.132456    0.315878    5.858986 ^ _044_/X (sky130_fd_sc_hd__and4_2)
                                                         _016_ (net)
                      0.132475    0.001614    5.860600 ^ _051_/A (sky130_fd_sc_hd__and4_2)
     8    0.025889    0.157584    0.319249    6.179849 ^ _051_/X (sky130_fd_sc_hd__and4_2)
                                                         _023_ (net)
                      0.157593    0.001355    6.181205 ^ _070_/B (sky130_fd_sc_hd__and4_2)
     8    0.025957    0.157938    0.335135    6.516340 ^ _070_/X (sky130_fd_sc_hd__and4_2)
                                                         _034_ (net)
                      0.157955    0.001669    6.518009 ^ _082_/C (sky130_fd_sc_hd__and4_1)
     1    0.004758    0.071179    0.218944    6.736953 ^ _082_/X (sky130_fd_sc_hd__and4_1)
                                                         _002_ (net)
                      0.071179    0.000224    6.737177 ^ _084_/B (sky130_fd_sc_hd__xor2_1)
     1    0.002807    0.111681    0.141727    6.878904 ^ _084_/X (sky130_fd_sc_hd__xor2_1)
                                                         net55 (net)
                      0.111681    0.000194    6.879098 ^ output55/A (sky130_fd_sc_hd__buf_2)
     1    0.034502    0.171794    0.222752    7.101850 ^ output55/X (sky130_fd_sc_hd__buf_2)
                                                         res[31] (net)
                      0.171807    0.001639    7.103489 ^ res[31] (out)
                                              7.103489   data arrival time

                      0.000000   25.000000   25.000000   clock clk (rise edge)
                                  0.000000   25.000000   clock network delay (ideal)
                                 -0.250000   24.750000   clock uncertainty
                                  0.000000   24.750000   clock reconvergence pessimism
                                 -5.000000   19.750000   output external delay
                                             19.750000   data required time
---------------------------------------------------------------------------------------------
                                             19.750000   data required time
                                             -7.103489   data arrival time
---------------------------------------------------------------------------------------------
                                             12.646510   slack (MET)




===========================================================================
report_checks --slack_max -0.01
============================================================================
======================= max_tt_025C_1v80 Corner ===================================

No paths found.


===========================================================================
 report_check_types -max_slew -max_cap -max_fanout -violators
============================================================================
======================= max_tt_025C_1v80 Corner ===================================



===========================================================================
report_parasitic_annotation -report_unannotated
============================================================================
Found 0 unannotated drivers.
Found 0 partially unannotated drivers.

===========================================================================
max slew violation count 0
max fanout violation count 0
max cap violation count 0
============================================================================

===========================================================================
check_setup -verbose -unconstrained_endpoints -multiple_clock -no_clock -no_input_delay -loops -generated_clocks
===========================================================================
