
===========================================================================
 report_power
============================================================================
======================= nom_tt_025C_1v80 Corner ===================================

Group                    Internal    Switching      Leakage        Total
                            Power        Power        Power        Power (Watts)
------------------------------------------------------------------------
Sequential           0.000000e+00 0.000000e+00 0.000000e+00 0.000000e+00   0.0%
Combinational        6.877253e-06 9.375535e-06 4.817804e-10 1.625327e-05 100.0%
Clock                0.000000e+00 0.000000e+00 8.424099e-11 8.424099e-11   0.0%
Macro                0.000000e+00 0.000000e+00 0.000000e+00 0.000000e+00   0.0%
Pad                  0.000000e+00 0.000000e+00 0.000000e+00 0.000000e+00   0.0%
------------------------------------------------------------------------
Total                6.877253e-06 9.375535e-06 5.660215e-10 1.625335e-05 100.0%
                            42.3%        57.7%         0.0%
Writing metric power__internal__total: 6.877252872072859e-6
Writing metric power__switching__total: 9.375535228173248e-6
Writing metric power__leakage__total: 5.66021507442116e-10
Writing metric power__total: 1.625335426069796e-5

