
===========================================================================
 report_power
============================================================================
======================= nom_tt_025C_1v80 Corner ===================================

Group                    Internal    Switching      Leakage        Total
                            Power        Power        Power        Power (Watts)
------------------------------------------------------------------------
Sequential           0.000000e+00 0.000000e+00 0.000000e+00 0.000000e+00   0.0%
Combinational        1.301492e-05 1.187935e-05 4.973056e-10 2.489476e-05 100.0%
Clock                0.000000e+00 0.000000e+00 1.166414e-10 1.166414e-10   0.0%
Macro                0.000000e+00 0.000000e+00 0.000000e+00 0.000000e+00   0.0%
Pad                  0.000000e+00 0.000000e+00 0.000000e+00 0.000000e+00   0.0%
------------------------------------------------------------------------
Total                1.301492e-05 1.187935e-05 6.139463e-10 2.489488e-05 100.0%
                            52.3%        47.7%         0.0%
Writing metric power__internal__total: 1.3014915566600394e-5
Writing metric power__switching__total: 1.1879352314281277e-5
Writing metric power__leakage__total: 6.139462827015052e-10
Writing metric power__total: 2.4894881789805368e-5

