
===========================================================================
 report_power
============================================================================
======================= max_ss_100C_1v60 Corner ===================================

Group                    Internal    Switching      Leakage        Total
                            Power        Power        Power        Power (Watts)
------------------------------------------------------------------------
Sequential           0.000000e+00 0.000000e+00 0.000000e+00 0.000000e+00   0.0%
Combinational        5.641194e-06 8.510430e-06 5.810505e-07 1.473267e-05 100.0%
Clock                0.000000e+00 0.000000e+00 3.306040e-10 3.306040e-10   0.0%
Macro                0.000000e+00 0.000000e+00 0.000000e+00 0.000000e+00   0.0%
Pad                  0.000000e+00 0.000000e+00 0.000000e+00 0.000000e+00   0.0%
------------------------------------------------------------------------
Total                5.641194e-06 8.510430e-06 5.813811e-07 1.473300e-05 100.0%
                            38.3%        57.8%         3.9%

