                                                                       Cells by Function                                                                        
┏━━━━━━━━━━━━━━━━━━━━━━━━━━━━━━━━━━━━━━━━━━━━━━━━━━━━━━━━━━━━━━━━━━━━━━━━━━━━━━━━━━━━━━━━━━━━━━━━━━━━━━━━━━━━━━━━━━━━━━━━━━━━━━━━┳━━━━━━━━━━━━━━━━━━━━━━━━━━━━━┓
┃ Cell Function                                                                                                                  ┃ Count                       ┃
┡━━━━━━━━━━━━━━━━━━━━━━━━━━━━━━━━━━━━━━━━━━━━━━━━━━━━━━━━━━━━━━━━━━━━━━━━━━━━━━━━━━━━━━━━━━━━━━━━━━━━━━━━━━━━━━━━━━━━━━━━━━━━━━━━╇━━━━━━━━━━━━━━━━━━━━━━━━━━━━━┩
│ sky130_fd_sc_hd__a2111o                                                                                                        │ 5                           │
│ sky130_fd_sc_hd__a221o                                                                                                         │ 5                           │
│ sky130_fd_sc_hd__a22o                                                                                                          │ 3                           │
│ sky130_fd_sc_hd__and2                                                                                                          │ 3                           │
│ sky130_fd_sc_hd__and3b                                                                                                         │ 1                           │
│ sky130_fd_sc_hd__and4b                                                                                                         │ 12                          │
│ sky130_fd_sc_hd__and4bb                                                                                                        │ 12                          │
│ sky130_fd_sc_hd__buf                                                                                                           │ 17                          │
│ sky130_fd_sc_hd__clkbuf                                                                                                        │ 17                          │
│ sky130_fd_sc_hd__decap                                                                                                         │ 109                         │
│ sky130_fd_sc_hd__fill                                                                                                          │ 42                          │
│ sky130_fd_sc_hd__nand3                                                                                                         │ 1                           │
│ sky130_fd_sc_hd__nor3                                                                                                          │ 1                           │
│ sky130_fd_sc_hd__nor3b                                                                                                         │ 2                           │
│ sky130_fd_sc_hd__o211a                                                                                                         │ 8                           │
│ sky130_fd_sc_hd__o22a                                                                                                          │ 5                           │
│ sky130_fd_sc_hd__o32a                                                                                                          │ 3                           │
│ sky130_fd_sc_hd__or4                                                                                                           │ 3                           │
│ sky130_fd_sc_hd__tapvpwrvgnd                                                                                                   │ 15                          │
└────────────────────────────────────────────────────────────────────────────────────────────────────────────────────────────────┴─────────────────────────────┘
