
===========================================================================
report_checks -unconstrained
===========================================================================
======================= nom_ff_n40C_1v95 Corner ===================================

Startpoint: pcInput[2] (input port clocked by clk)
Endpoint: res[31] (output port clocked by clk)
Path Group: clk
Path Type: max

Fanout         Cap        Slew       Delay        Time   Description
---------------------------------------------------------------------------------------------
                      0.000000    0.000000    0.000000   clock clk (rise edge)
                                  0.000000    0.000000   clock network delay (ideal)
                                  5.000000    5.000000 ^ input external delay
     1    0.002522    0.012930    0.006511    5.006511 ^ pcInput[2] (in)
                                                         pcInput[2] (net)
                      0.012930    0.000000    5.006511 ^ input21/A (sky130_fd_sc_hd__dlymetal6s2s_1)
     5    0.018221    0.152350    0.135854    5.142365 ^ input21/X (sky130_fd_sc_hd__dlymetal6s2s_1)
                                                         net21 (net)
                      0.152352    0.000460    5.142825 ^ _041_/A (sky130_fd_sc_hd__and4_2)
     8    0.026109    0.112495    0.207305    5.350130 ^ _041_/X (sky130_fd_sc_hd__and4_2)
                                                         _013_ (net)
                      0.112496    0.000520    5.350650 ^ _044_/C (sky130_fd_sc_hd__and4_2)
     7    0.020438    0.092110    0.187765    5.538415 ^ _044_/X (sky130_fd_sc_hd__and4_2)
                                                         _016_ (net)
                      0.092113    0.000675    5.539090 ^ _051_/A (sky130_fd_sc_hd__and4_2)
     8    0.025612    0.110395    0.192312    5.731402 ^ _051_/X (sky130_fd_sc_hd__and4_2)
                                                         _023_ (net)
                      0.110397    0.000679    5.732081 ^ _070_/B (sky130_fd_sc_hd__and4_2)
     8    0.025666    0.110563    0.201917    5.933999 ^ _070_/X (sky130_fd_sc_hd__and4_2)
                                                         _034_ (net)
                      0.110566    0.000742    5.934741 ^ _082_/C (sky130_fd_sc_hd__and4_1)
     1    0.004720    0.048775    0.127202    6.061942 ^ _082_/X (sky130_fd_sc_hd__and4_1)
                                                         _002_ (net)
                      0.048775    0.000094    6.062037 ^ _084_/B (sky130_fd_sc_hd__xor2_1)
     1    0.002789    0.079932    0.090719    6.152755 ^ _084_/X (sky130_fd_sc_hd__xor2_1)
                                                         net55 (net)
                      0.079932    0.000084    6.152840 ^ output55/A (sky130_fd_sc_hd__buf_2)
     1    0.034448    0.128751    0.150447    6.303287 ^ output55/X (sky130_fd_sc_hd__buf_2)
                                                         res[31] (net)
                      0.128796    0.000769    6.304056 ^ res[31] (out)
                                              6.304056   data arrival time

                      0.000000   25.000000   25.000000   clock clk (rise edge)
                                  0.000000   25.000000   clock network delay (ideal)
                                 -0.250000   24.750000   clock uncertainty
                                  0.000000   24.750000   clock reconvergence pessimism
                                 -5.000000   19.750000   output external delay
                                             19.750000   data required time
---------------------------------------------------------------------------------------------
                                             19.750000   data required time
                                             -6.304056   data arrival time
---------------------------------------------------------------------------------------------
                                             13.445944   slack (MET)




===========================================================================
report_checks --slack_max -0.01
============================================================================
======================= nom_ff_n40C_1v95 Corner ===================================

No paths found.


===========================================================================
 report_check_types -max_slew -max_cap -max_fanout -violators
============================================================================
======================= nom_ff_n40C_1v95 Corner ===================================



===========================================================================
report_parasitic_annotation -report_unannotated
============================================================================
Found 0 unannotated drivers.
Found 0 partially unannotated drivers.

===========================================================================
max slew violation count 0
max fanout violation count 0
max cap violation count 0
============================================================================

===========================================================================
check_setup -verbose -unconstrained_endpoints -multiple_clock -no_clock -no_input_delay -loops -generated_clocks
===========================================================================
