
===========================================================================
report_checks -unconstrained
===========================================================================
======================= max_tt_025C_1v80 Corner ===================================

Startpoint: amt[1] (input port clocked by clk)
Endpoint: result[6] (output port clocked by clk)
Path Group: clk
Path Type: max

Fanout         Cap        Slew       Delay        Time   Description
---------------------------------------------------------------------------------------------
                      0.000000    0.000000    0.000000   clock clk (rise edge)
                                  0.000000    0.000000   clock network delay (ideal)
                                  5.000000    5.000000 ^ input external delay
     1    0.003887    0.024455    0.014178    5.014178 ^ amt[1] (in)
                                                         amt[1] (net)
                      0.024457    0.000000    5.014178 ^ input2/A (sky130_fd_sc_hd__clkbuf_1)
     1    0.003370    0.050214    0.078037    5.092215 ^ input2/X (sky130_fd_sc_hd__clkbuf_1)
                                                         net2 (net)
                      0.050214    0.000217    5.092432 ^ fanout30/A (sky130_fd_sc_hd__buf_1)
     5    0.020753    0.247481    0.224576    5.317008 ^ fanout30/X (sky130_fd_sc_hd__buf_1)
                                                         net30 (net)
                      0.247488    0.001078    5.318087 ^ fanout29/A (sky130_fd_sc_hd__buf_2)
    10    0.039208    0.193071    0.274771    5.592858 ^ fanout29/X (sky130_fd_sc_hd__buf_2)
                                                         net29 (net)
                      0.193073    0.001003    5.593861 ^ fanout28/A (sky130_fd_sc_hd__clkbuf_2)
    10    0.028107    0.157554    0.230693    5.824553 ^ fanout28/X (sky130_fd_sc_hd__clkbuf_2)
                                                         net28 (net)
                      0.157581    0.002041    5.826594 ^ _064_/B (sky130_fd_sc_hd__nor3b_1)
     3    0.009014    0.075753    0.098693    5.925287 v _064_/Y (sky130_fd_sc_hd__nor3b_1)
                                                         _008_ (net)
                      0.075755    0.000526    5.925813 v max_cap20/A (sky130_fd_sc_hd__clkbuf_2)
     5    0.019394    0.079900    0.160749    6.086562 v max_cap20/X (sky130_fd_sc_hd__clkbuf_2)
                                                         net20 (net)
                      0.079916    0.001116    6.087678 v _106_/B1 (sky130_fd_sc_hd__a22o_1)
     1    0.004291    0.047027    0.195020    6.282699 v _106_/X (sky130_fd_sc_hd__a22o_1)
                                                         _044_ (net)
                      0.047027    0.000264    6.282962 v _112_/A2 (sky130_fd_sc_hd__o32a_1)
     1    0.002936    0.052320    0.321962    6.604924 v _112_/X (sky130_fd_sc_hd__o32a_1)
                                                         net18 (net)
                      0.052360    0.000187    6.605111 v output18/A (sky130_fd_sc_hd__buf_2)
     1    0.034303    0.089966    0.182503    6.787615 v output18/X (sky130_fd_sc_hd__buf_2)
                                                         result[6] (net)
                      0.090005    0.001707    6.789322 v result[6] (out)
                                              6.789322   data arrival time

                      0.000000   25.000000   25.000000   clock clk (rise edge)
                                  0.000000   25.000000   clock network delay (ideal)
                                 -0.250000   24.750000   clock uncertainty
                                  0.000000   24.750000   clock reconvergence pessimism
                                 -5.000000   19.750000   output external delay
                                             19.750000   data required time
---------------------------------------------------------------------------------------------
                                             19.750000   data required time
                                             -6.789322   data arrival time
---------------------------------------------------------------------------------------------
                                             12.960678   slack (MET)




===========================================================================
report_checks --slack_max -0.01
============================================================================
======================= max_tt_025C_1v80 Corner ===================================

No paths found.


===========================================================================
 report_check_types -max_slew -max_cap -max_fanout -violators
============================================================================
======================= max_tt_025C_1v80 Corner ===================================



===========================================================================
report_parasitic_annotation -report_unannotated
============================================================================
Found 0 unannotated drivers.
Found 0 partially unannotated drivers.

===========================================================================
max slew violation count 0
max fanout violation count 0
max cap violation count 0
============================================================================

===========================================================================
check_setup -verbose -unconstrained_endpoints -multiple_clock -no_clock -no_input_delay -loops -generated_clocks
===========================================================================
