
===========================================================================
 report_power
============================================================================
======================= max_tt_025C_1v80 Corner ===================================

Group                    Internal    Switching      Leakage        Total
                            Power        Power        Power        Power (Watts)
------------------------------------------------------------------------
Sequential           0.000000e+00 0.000000e+00 0.000000e+00 0.000000e+00   0.0%
Combinational        6.903297e-06 1.084357e-05 4.817804e-10 1.774735e-05 100.0%
Clock                0.000000e+00 0.000000e+00 3.531643e-10 3.531643e-10   0.0%
Macro                0.000000e+00 0.000000e+00 0.000000e+00 0.000000e+00   0.0%
Pad                  0.000000e+00 0.000000e+00 0.000000e+00 0.000000e+00   0.0%
------------------------------------------------------------------------
Total                6.903297e-06 1.084357e-05 8.349447e-10 1.774770e-05 100.0%
                            38.9%        61.1%         0.0%

