                                                                       Cells by Function                                                                        
┏━━━━━━━━━━━━━━━━━━━━━━━━━━━━━━━━━━━━━━━━━━━━━━━━━━━━━━━━━━━━━━━━━━━━━━━━━━━━━━━━━━━━━━━━━━━━━━━━━━━━━━━━━━━━━━━━━━━━━━━━━━━━━━━━━┳━━━━━━━━━━━━━━━━━━━━━━━━━━━━┓
┃ Cell Function                                                                                                                   ┃ Count                      ┃
┡━━━━━━━━━━━━━━━━━━━━━━━━━━━━━━━━━━━━━━━━━━━━━━━━━━━━━━━━━━━━━━━━━━━━━━━━━━━━━━━━━━━━━━━━━━━━━━━━━━━━━━━━━━━━━━━━━━━━━━━━━━━━━━━━━╇━━━━━━━━━━━━━━━━━━━━━━━━━━━━┩
│ sky130_fd_sc_hd__a21o                                                                                                           │ 1                          │
│ sky130_fd_sc_hd__a21oi                                                                                                          │ 8                          │
│ sky130_fd_sc_hd__a31o                                                                                                           │ 3                          │
│ sky130_fd_sc_hd__and2                                                                                                           │ 8                          │
│ sky130_fd_sc_hd__and2b                                                                                                          │ 3                          │
│ sky130_fd_sc_hd__and3                                                                                                           │ 8                          │
│ sky130_fd_sc_hd__and4                                                                                                           │ 7                          │
│ sky130_fd_sc_hd__buf                                                                                                            │ 42                         │
│ sky130_fd_sc_hd__clkbuf                                                                                                         │ 21                         │
│ sky130_fd_sc_hd__decap                                                                                                          │ 113                        │
│ sky130_fd_sc_hd__dlymetal6s2s                                                                                                   │ 1                          │
│ sky130_fd_sc_hd__fill                                                                                                           │ 42                         │
│ sky130_fd_sc_hd__inv                                                                                                            │ 1                          │
│ sky130_fd_sc_hd__nand2                                                                                                          │ 2                          │
│ sky130_fd_sc_hd__nand3                                                                                                          │ 1                          │
│ sky130_fd_sc_hd__nor2                                                                                                           │ 12                         │
│ sky130_fd_sc_hd__o21a                                                                                                           │ 1                          │
│ sky130_fd_sc_hd__o21ba                                                                                                          │ 1                          │
│ sky130_fd_sc_hd__o2bb2a                                                                                                         │ 2                          │
│ sky130_fd_sc_hd__tapvpwrvgnd                                                                                                    │ 15                         │
│ sky130_fd_sc_hd__xnor2                                                                                                          │ 3                          │
│ sky130_fd_sc_hd__xor2                                                                                                           │ 8                          │
└─────────────────────────────────────────────────────────────────────────────────────────────────────────────────────────────────┴────────────────────────────┘
