
===========================================================================
report_checks -unconstrained
===========================================================================
======================= min_ss_100C_1v60 Corner ===================================

Startpoint: pcInput[3] (input port clocked by clk)
Endpoint: res[31] (output port clocked by clk)
Path Group: clk
Path Type: max

Fanout         Cap        Slew       Delay        Time   Description
---------------------------------------------------------------------------------------------
                      0.000000    0.000000    0.000000   clock clk (rise edge)
                                  0.000000    0.000000   clock network delay (ideal)
                                  5.000000    5.000000 ^ input external delay
     1    0.005050    0.047530    0.027653    5.027653 ^ pcInput[3] (in)
                                                         pcInput[3] (net)
                      0.047530    0.000000    5.027653 ^ input24/A (sky130_fd_sc_hd__buf_1)
     4    0.012774    0.251469    0.270246    5.297899 ^ input24/X (sky130_fd_sc_hd__buf_1)
                                                         net24 (net)
                      0.251469    0.000135    5.298034 ^ _041_/D (sky130_fd_sc_hd__and4_2)
     8    0.025190    0.263882    0.705950    6.003984 ^ _041_/X (sky130_fd_sc_hd__and4_2)
                                                         _013_ (net)
                      0.263882    0.000219    6.004203 ^ _044_/C (sky130_fd_sc_hd__and4_2)
     7    0.019339    0.221595    0.663074    6.667278 ^ _044_/X (sky130_fd_sc_hd__and4_2)
                                                         _016_ (net)
                      0.221595    0.000310    6.667588 ^ _051_/A (sky130_fd_sc_hd__and4_2)
     8    0.024244    0.257073    0.645059    7.312647 ^ _051_/X (sky130_fd_sc_hd__and4_2)
                                                         _023_ (net)
                      0.257073    0.000340    7.312986 ^ _070_/B (sky130_fd_sc_hd__and4_2)
     8    0.024493    0.258843    0.682288    7.995275 ^ _070_/X (sky130_fd_sc_hd__and4_2)
                                                         _034_ (net)
                      0.258843    0.000343    7.995618 ^ _082_/C (sky130_fd_sc_hd__and4_1)
     1    0.004743    0.131907    0.471037    8.466655 ^ _082_/X (sky130_fd_sc_hd__and4_1)
                                                         _002_ (net)
                      0.131907    0.000022    8.466678 ^ _084_/B (sky130_fd_sc_hd__xor2_1)
     1    0.002579    0.179870    0.262435    8.729113 ^ _084_/X (sky130_fd_sc_hd__xor2_1)
                                                         net55 (net)
                      0.179870    0.000028    8.729141 ^ output55/A (sky130_fd_sc_hd__buf_2)
     1    0.034372    0.273061    0.395699    9.124841 ^ output55/X (sky130_fd_sc_hd__buf_2)
                                                         res[31] (net)
                      0.273061    0.000375    9.125216 ^ res[31] (out)
                                              9.125216   data arrival time

                      0.000000   25.000000   25.000000   clock clk (rise edge)
                                  0.000000   25.000000   clock network delay (ideal)
                                 -0.250000   24.750000   clock uncertainty
                                  0.000000   24.750000   clock reconvergence pessimism
                                 -5.000000   19.750000   output external delay
                                             19.750000   data required time
---------------------------------------------------------------------------------------------
                                             19.750000   data required time
                                             -9.125216   data arrival time
---------------------------------------------------------------------------------------------
                                             10.624784   slack (MET)




===========================================================================
report_checks --slack_max -0.01
============================================================================
======================= min_ss_100C_1v60 Corner ===================================

No paths found.


===========================================================================
 report_check_types -max_slew -max_cap -max_fanout -violators
============================================================================
======================= min_ss_100C_1v60 Corner ===================================



===========================================================================
report_parasitic_annotation -report_unannotated
============================================================================
Found 0 unannotated drivers.
Found 0 partially unannotated drivers.

===========================================================================
max slew violation count 0
max fanout violation count 0
max cap violation count 0
============================================================================

===========================================================================
check_setup -verbose -unconstrained_endpoints -multiple_clock -no_clock -no_input_delay -loops -generated_clocks
===========================================================================
