
===========================================================================
report_checks -unconstrained
===========================================================================
======================= max_tt_025C_1v80 Corner ===================================

Startpoint: data2[5] (input port clocked by clk)
Endpoint: z (output port clocked by clk)
Path Group: clk
Path Type: max

Fanout         Cap        Slew       Delay        Time   Description
---------------------------------------------------------------------------------------------
                      0.000000    0.000000    0.000000   clock clk (rise edge)
                                  0.000000    0.000000   clock network delay (ideal)
                                  5.000000    5.000000 ^ input external delay
     1    0.002754    0.019533    0.010199    5.010199 ^ data2[5] (in)
                                                         data2[5] (net)
                      0.019534    0.000000    5.010199 ^ input14/A (sky130_fd_sc_hd__clkbuf_1)
     1    0.006091    0.080632    0.097834    5.108033 ^ input14/X (sky130_fd_sc_hd__clkbuf_1)
                                                         net14 (net)
                      0.080664    0.000444    5.108477 ^ fanout42/A (sky130_fd_sc_hd__buf_1)
     5    0.015400    0.186706    0.190712    5.299189 ^ fanout42/X (sky130_fd_sc_hd__buf_1)
                                                         net42 (net)
                      0.186716    0.001156    5.300345 ^ fanout41/A (sky130_fd_sc_hd__clkbuf_2)
    10    0.031106    0.173095    0.239722    5.540067 ^ fanout41/X (sky130_fd_sc_hd__clkbuf_2)
                                                         net41 (net)
                      0.173200    0.002318    5.542385 ^ _179_/A_N (sky130_fd_sc_hd__and3b_2)
     7    0.029734    0.098694    0.294767    5.837152 v _179_/X (sky130_fd_sc_hd__and3b_2)
                                                         _109_ (net)
                      0.098779    0.002643    5.839795 v _205_/B1 (sky130_fd_sc_hd__a221o_1)
     1    0.001719    0.046012    0.294557    6.134352 v _205_/X (sky130_fd_sc_hd__a221o_1)
                                                         _007_ (net)
                      0.046012    0.000120    6.134472 v _207_/C (sky130_fd_sc_hd__or4_1)
     1    0.005021    0.097109    0.483652    6.618124 v _207_/X (sky130_fd_sc_hd__or4_1)
                                                         _009_ (net)
                      0.097109    0.000386    6.618510 v _208_/C1 (sky130_fd_sc_hd__o211a_1)
     1    0.003041    0.039887    0.128052    6.746562 v _208_/X (sky130_fd_sc_hd__o211a_1)
                                                         _010_ (net)
                      0.039887    0.000207    6.746768 v _213_/A1 (sky130_fd_sc_hd__o32a_1)
     2    0.006076    0.066917    0.356307    7.103075 v _213_/X (sky130_fd_sc_hd__o32a_1)
                                                         net21 (net)
                      0.066918    0.000407    7.103482 v _257_/A1 (sky130_fd_sc_hd__o21ba_1)
     1    0.002770    0.035032    0.184693    7.288175 v _257_/X (sky130_fd_sc_hd__o21ba_1)
                                                         _054_ (net)
                      0.035032    0.000126    7.288301 v _258_/B (sky130_fd_sc_hd__nor2_1)
     1    0.004705    0.106499    0.101639    7.389940 ^ _258_/Y (sky130_fd_sc_hd__nor2_1)
                                                         _055_ (net)
                      0.106499    0.000210    7.390150 ^ _259_/B2 (sky130_fd_sc_hd__o2bb2a_1)
     1    0.002729    0.046484    0.142122    7.532272 ^ _259_/X (sky130_fd_sc_hd__o2bb2a_1)
                                                         _056_ (net)
                      0.046484    0.000172    7.532444 ^ _260_/B1 (sky130_fd_sc_hd__o2bb2a_1)
     1    0.002263    0.042637    0.131783    7.664227 ^ _260_/X (sky130_fd_sc_hd__o2bb2a_1)
                                                         net28 (net)
                      0.042637    0.000155    7.664383 ^ output28/A (sky130_fd_sc_hd__buf_2)
     1    0.034246    0.170251    0.196246    7.860629 ^ output28/X (sky130_fd_sc_hd__buf_2)
                                                         z (net)
                      0.170276    0.001715    7.862344 ^ z (out)
                                              7.862344   data arrival time

                      0.000000   25.000000   25.000000   clock clk (rise edge)
                                  0.000000   25.000000   clock network delay (ideal)
                                 -0.250000   24.750000   clock uncertainty
                                  0.000000   24.750000   clock reconvergence pessimism
                                 -5.000000   19.750000   output external delay
                                             19.750000   data required time
---------------------------------------------------------------------------------------------
                                             19.750000   data required time
                                             -7.862344   data arrival time
---------------------------------------------------------------------------------------------
                                             11.887655   slack (MET)




===========================================================================
report_checks --slack_max -0.01
============================================================================
======================= max_tt_025C_1v80 Corner ===================================

No paths found.


===========================================================================
 report_check_types -max_slew -max_cap -max_fanout -violators
============================================================================
======================= max_tt_025C_1v80 Corner ===================================



===========================================================================
report_parasitic_annotation -report_unannotated
============================================================================
Found 0 unannotated drivers.
Found 0 partially unannotated drivers.

===========================================================================
max slew violation count 0
max fanout violation count 0
max cap violation count 0
============================================================================

===========================================================================
check_setup -verbose -unconstrained_endpoints -multiple_clock -no_clock -no_input_delay -loops -generated_clocks
===========================================================================
